[1/11] cmd.exe /C "cd /D C:\Espressif\frameworks\esp-idf-v5.3.1\esp-dev-kits\esp32-c3-lcdkit\examples\knob_panel\build\esp-idf\main && C:\Espressif\python_env\idf5.3_py3.11_env\Scripts\python.exe C:/Espressif/frameworks/esp-idf-v5.3.1/components/spiffs/spiffsgen.py 0x64000 C:/Espressif/frameworks/esp-idf-v5.3.1/esp-dev-kits/esp32-c3-lcdkit/examples/knob_panel/spiffs C:/Espressif/frameworks/esp-idf-v5.3.1/esp-dev-kits/esp32-c3-lcdkit/examples/knob_panel/build/storage.bin --page-size=256 --obj-name-len=32 --meta-len=4 --use-magic --use-magic-len"
FAILED: esp-idf/main/CMakeFiles/spiffs_storage_bin C:/Espressif/frameworks/esp-idf-v5.3.1/esp-dev-kits/esp32-c3-lcdkit/examples/knob_panel/build/esp-idf/main/CMakeFiles/spiffs_storage_bin 
cmd.exe /C "cd /D C:\Espressif\frameworks\esp-idf-v5.3.1\esp-dev-kits\esp32-c3-lcdkit\examples\knob_panel\build\esp-idf\main && C:\Espressif\python_env\idf5.3_py3.11_env\Scripts\python.exe C:/Espressif/frameworks/esp-idf-v5.3.1/components/spiffs/spiffsgen.py 0x64000 C:/Espressif/frameworks/esp-idf-v5.3.1/esp-dev-kits/esp32-c3-lcdkit/examples/knob_panel/spiffs C:/Espressif/frameworks/esp-idf-v5.3.1/esp-dev-kits/esp32-c3-lcdkit/examples/knob_panel/build/storage.bin --page-size=256 --obj-name-len=32 --meta-len=4 --use-magic --use-magic-len"
Traceback (most recent call last):
  File "C:\Espressif\frameworks\esp-idf-v5.3.1\components\spiffs\spiffsgen.py", line 431, in create_file
    block.update_obj(contents_chunk)
  File "C:\Espressif\frameworks\esp-idf-v5.3.1\components\spiffs\spiffsgen.py", line 346, in update_obj
    raise SpiffsFullError()
SpiffsFullError

During handling of the above exception, another exception occurred:

Traceback (most recent call last):
  File "C:\Espressif\frameworks\esp-idf-v5.3.1\components\spiffs\spiffsgen.py", line 435, in create_file
    raise SpiffsFullError
SpiffsFullError

During handling of the above exception, another exception occurred:

Traceback (most recent call last):
  File "C:\Espressif\frameworks\esp-idf-v5.3.1\components\spiffs\spiffsgen.py", line 590, in <module>
    main()
  File "C:\Espressif\frameworks\esp-idf-v5.3.1\components\spiffs\spiffsgen.py", line 582, in main
    spiffs.create_file('/' + os.path.relpath(full_path, args.base_dir).replace('\\', '/'), full_path)
  File "C:\Espressif\frameworks\esp-idf-v5.3.1\components\spiffs\spiffsgen.py", line 446, in create_file
    block = self._create_block()
            ^^^^^^^^^^^^^^^^^^^^
  File "C:\Espressif\frameworks\esp-idf-v5.3.1\components\spiffs\spiffsgen.py", line 395, in _create_block
    raise SpiffsFullError('the image size has been exceeded')
SpiffsFullError: the image size has been exceeded
[2/11] Performing build step for 'bootloader'
[1/1] cmd.exe /C "cd /D C:\Espressif\frameworks\esp-idf-v5.3.1\esp-dev-kits\esp32-c3-lcdkit\examples\knob_panel\build\bootloader\esp-idf\esptool_py && C:\Espressif\python_env\idf5.3_py3.11_env\Scripts\python.exe C:/Espressif/frameworks/esp-idf-v5.3.1/components/partition_table/check_sizes.py --offset 0x8000 bootloader 0x0 C:/Espressif/frameworks/esp-idf-v5.3.1/esp-dev-kits/esp32-c3-lcdkit/examples/knob_panel/build/bootloader/bootloader.bin"
Bootloader binary size 0x55b0 bytes. 0x2a50 bytes (33%) free.
[3/9] Building C object esp-idf/main/CMakeFiles/__idf_main.dir/ui/ui_light_2color.c.obj
FAILED: esp-idf/main/CMakeFiles/__idf_main.dir/ui/ui_light_2color.c.obj 
ccache C:\Espressif\tools\riscv32-esp-elf\esp-13.2.0_20240530\riscv32-esp-elf\bin\riscv32-esp-elf-gcc.exe -DESP_PLATFORM -DIDF_VER=\"v5.3.1\" -DLV_CONF_INCLUDE_SIMPLE -DMBEDTLS_CONFIG_FILE=\"mbedtls/esp_config.h\" -DSOC_MMU_PAGE_SIZE=CONFIG_MMU_PAGE_SIZE -DSOC_XTAL_FREQ_MHZ=CONFIG_XTAL_FREQ -DUNITY_INCLUDE_CONFIG_H -D_GLIBCXX_HAVE_POSIX_SEMAPHORE -D_GLIBCXX_USE_POSIX_SEMAPHORE -D_GNU_SOURCE -D_POSIX_READER_WRITER_LOCKS -IC:/Espressif/frameworks/esp-idf-v5.3.1/esp-dev-kits/esp32-c3-lcdkit/examples/knob_panel/build/config -IC:/Espressif/frameworks/esp-idf-v5.3.1/esp-dev-kits/esp32-c3-lcdkit/examples/knob_panel/main -IC:/Espressif/frameworks/esp-idf-v5.3.1/esp-dev-kits/esp32-c3-lcdkit/examples/knob_panel/main/ir_nec -IC:/Espressif/frameworks/esp-idf-v5.3.1/esp-dev-kits/esp32-c3-lcdkit/examples/knob_panel/main/ui/layer_manage -IC:/Espressif/frameworks/esp-idf-v5.3.1/components/newlib/platform_include -IC:/Espressif/frameworks/esp-idf-v5.3.1/components/freertos/config/include -IC:/Espressif/frameworks/esp-idf-v5.3.1/components/freertos/config/include/freertos -IC:/Espressif/frameworks/esp-idf-v5.3.1/components/freertos/config/riscv/include -IC:/Espressif/frameworks/esp-idf-v5.3.1/components/freertos/FreeRTOS-Kernel/include -IC:/Espressif/frameworks/esp-idf-v5.3.1/components/freertos/FreeRTOS-Kernel/portable/riscv/include -IC:/Espressif/frameworks/esp-idf-v5.3.1/components/freertos/FreeRTOS-Kernel/portable/riscv/include/freertos -IC:/Espressif/frameworks/esp-idf-v5.3.1/components/freertos/esp_additions/include -IC:/Espressif/frameworks/esp-idf-v5.3.1/components/esp_hw_support/include -IC:/Espressif/frameworks/esp-idf-v5.3.1/components/esp_hw_support/include/soc -IC:/Espressif/frameworks/esp-idf-v5.3.1/components/esp_hw_support/include/soc/esp32c3 -IC:/Espressif/frameworks/esp-idf-v5.3.1/components/esp_hw_support/dma/include -IC:/Espressif/frameworks/esp-idf-v5.3.1/components/esp_hw_support/ldo/include -IC:/Espressif/frameworks/esp-idf-v5.3.1/components/esp_hw_support/port/esp32c3/. -IC:/Espressif/frameworks/esp-idf-v5.3.1/components/esp_hw_support/port/esp32c3/include -IC:/Espressif/frameworks/esp-idf-v5.3.1/components/heap/include -IC:/Espressif/frameworks/esp-idf-v5.3.1/components/log/include -IC:/Espressif/frameworks/esp-idf-v5.3.1/components/soc/include -IC:/Espressif/frameworks/esp-idf-v5.3.1/components/soc/esp32c3 -IC:/Espressif/frameworks/esp-idf-v5.3.1/components/soc/esp32c3/include -IC:/Espressif/frameworks/esp-idf-v5.3.1/components/hal/platform_port/include -IC:/Espressif/frameworks/esp-idf-v5.3.1/components/hal/esp32c3/include -IC:/Espressif/frameworks/esp-idf-v5.3.1/components/hal/include -IC:/Espressif/frameworks/esp-idf-v5.3.1/components/esp_rom/include -IC:/Espressif/frameworks/esp-idf-v5.3.1/components/esp_rom/include/esp32c3 -IC:/Espressif/frameworks/esp-idf-v5.3.1/components/esp_rom/esp32c3 -IC:/Espressif/frameworks/esp-idf-v5.3.1/components/esp_common/include -IC:/Espressif/frameworks/esp-idf-v5.3.1/components/esp_system/include -IC:/Espressif/frameworks/esp-idf-v5.3.1/components/esp_system/port/soc -IC:/Espressif/frameworks/esp-idf-v5.3.1/components/esp_system/port/include/riscv -IC:/Espressif/frameworks/esp-idf-v5.3.1/components/esp_system/port/include/private -IC:/Espressif/frameworks/esp-idf-v5.3.1/components/riscv/include -IC:/Espressif/frameworks/esp-idf-v5.3.1/components/esp_timer/include -IC:/Espressif/frameworks/esp-idf-v5.3.1/components/lwip/include -IC:/Espressif/frameworks/esp-idf-v5.3.1/components/lwip/include/apps -IC:/Espressif/frameworks/esp-idf-v5.3.1/components/lwip/include/apps/sntp -IC:/Espressif/frameworks/esp-idf-v5.3.1/components/lwip/lwip/src/include -IC:/Espressif/frameworks/esp-idf-v5.3.1/components/lwip/port/include -IC:/Espressif/frameworks/esp-idf-v5.3.1/components/lwip/port/freertos/include -IC:/Espressif/frameworks/esp-idf-v5.3.1/components/lwip/port/esp32xx/include -IC:/Espressif/frameworks/esp-idf-v5.3.1/components/lwip/port/esp32xx/include/arch -IC:/Espressif/frameworks/esp-idf-v5.3.1/components/lwip/port/esp32xx/include/sys -IC:/Espressif/frameworks/esp-idf-v5.3.1/esp-dev-kits/esp32-c3-lcdkit/examples/knob_panel/managed_components/espressif__esp_codec_dev/include -IC:/Espressif/frameworks/esp-idf-v5.3.1/esp-dev-kits/esp32-c3-lcdkit/examples/knob_panel/managed_components/espressif__esp_codec_dev/interface -IC:/Espressif/frameworks/esp-idf-v5.3.1/esp-dev-kits/esp32-c3-lcdkit/examples/knob_panel/managed_components/espressif__esp_codec_dev/device/include -IC:/Espressif/frameworks/esp-idf-v5.3.1/components/driver/deprecated -IC:/Espressif/frameworks/esp-idf-v5.3.1/components/driver/i2c/include -IC:/Espressif/frameworks/esp-idf-v5.3.1/components/driver/touch_sensor/include -IC:/Espressif/frameworks/esp-idf-v5.3.1/components/driver/twai/include -IC:/Espressif/frameworks/esp-idf-v5.3.1/components/esp_pm/include -IC:/Espressif/frameworks/esp-idf-v5.3.1/components/esp_ringbuf/include -IC:/Espressif/frameworks/esp-idf-v5.3.1/components/esp_driver_gpio/include -IC:/Espressif/frameworks/esp-idf-v5.3.1/components/esp_driver_pcnt/include -IC:/Espressif/frameworks/esp-idf-v5.3.1/components/esp_driver_gptimer/include -IC:/Espressif/frameworks/esp-idf-v5.3.1/components/esp_driver_spi/include -IC:/Espressif/frameworks/esp-idf-v5.3.1/components/esp_driver_mcpwm/include -IC:/Espressif/frameworks/esp-idf-v5.3.1/components/esp_driver_ana_cmpr/include -IC:/Espressif/frameworks/esp-idf-v5.3.1/components/esp_driver_i2s/include -IC:/Espressif/frameworks/esp-idf-v5.3.1/components/esp_driver_sdmmc/include -IC:/Espressif/frameworks/esp-idf-v5.3.1/components/sdmmc/include -IC:/Espressif/frameworks/esp-idf-v5.3.1/components/esp_driver_sdspi/include -IC:/Espressif/frameworks/esp-idf-v5.3.1/components/esp_driver_sdio/include -IC:/Espressif/frameworks/esp-idf-v5.3.1/components/esp_driver_dac/include -IC:/Espressif/frameworks/esp-idf-v5.3.1/components/esp_driver_rmt/include -IC:/Espressif/frameworks/esp-idf-v5.3.1/components/esp_driver_tsens/include -IC:/Espressif/frameworks/esp-idf-v5.3.1/components/esp_driver_sdm/include -IC:/Espressif/frameworks/esp-idf-v5.3.1/components/esp_driver_i2c/include -IC:/Espressif/frameworks/esp-idf-v5.3.1/components/esp_driver_uart/include -IC:/Espressif/frameworks/esp-idf-v5.3.1/components/vfs/include -IC:/Espressif/frameworks/esp-idf-v5.3.1/components/esp_driver_ledc/include -IC:/Espressif/frameworks/esp-idf-v5.3.1/components/esp_driver_parlio/include -IC:/Espressif/frameworks/esp-idf-v5.3.1/components/esp_driver_usb_serial_jtag/include -IC:/Espressif/frameworks/esp-idf-v5.3.1/esp-dev-kits/esp32-c3-lcdkit/examples/knob_panel/managed_components/chmorgan__esp-audio-player/include -IC:/Espressif/frameworks/esp-idf-v5.3.1/esp-dev-kits/esp32-c3-lcdkit/examples/knob_panel/managed_components/chmorgan__esp-libhelix-mp3/libhelix-mp3/pub -IC:/Espressif/frameworks/esp-idf-v5.3.1/esp-dev-kits/esp32-c3-lcdkit/examples/knob_panel/managed_components/chmorgan__esp-file-iterator/include -IC:/Espressif/frameworks/esp-idf-v5.3.1/esp-dev-kits/esp32-c3-lcdkit/examples/knob_panel/managed_components/espressif__esp32_c3_lcdkit/include -IC:/Espressif/frameworks/esp-idf-v5.3.1/components/spiffs/include -IC:/Espressif/frameworks/esp-idf-v5.3.1/components/esp_partition/include -IC:/Espressif/frameworks/esp-idf-v5.3.1/esp-dev-kits/esp32-c3-lcdkit/examples/knob_panel/managed_components/espressif__button/include -IC:/Espressif/frameworks/esp-idf-v5.3.1/components/esp_adc/include -IC:/Espressif/frameworks/esp-idf-v5.3.1/components/esp_adc/interface -IC:/Espressif/frameworks/esp-idf-v5.3.1/components/esp_adc/esp32c3/include -IC:/Espressif/frameworks/esp-idf-v5.3.1/components/esp_adc/deprecated/include -IC:/Espressif/frameworks/esp-idf-v5.3.1/esp-dev-kits/esp32-c3-lcdkit/examples/knob_panel/managed_components/espressif__esp_lcd_gc9a01/include -IC:/Espressif/frameworks/esp-idf-v5.3.1/components/esp_lcd/include -IC:/Espressif/frameworks/esp-idf-v5.3.1/components/esp_lcd/interface -IC:/Espressif/frameworks/esp-idf-v5.3.1/esp-dev-kits/esp32-c3-lcdkit/examples/knob_panel/managed_components/espressif__esp_lvgl_port/include -IC:/Espressif/frameworks/esp-idf-v5.3.1/esp-dev-kits/esp32-c3-lcdkit/examples/knob_panel/managed_components/lvgl__lvgl -IC:/Espressif/frameworks/esp-idf-v5.3.1/esp-dev-kits/esp32-c3-lcdkit/examples/knob_panel/managed_components/lvgl__lvgl/src -IC:/Espressif/frameworks/esp-idf-v5.3.1/esp-dev-kits/esp32-c3-lcdkit/examples/knob_panel/managed_components -IC:/Espressif/frameworks/esp-idf-v5.3.1/esp-dev-kits/esp32-c3-lcdkit/examples/knob_panel/managed_components/lvgl__lvgl/examples -IC:/Espressif/frameworks/esp-idf-v5.3.1/esp-dev-kits/esp32-c3-lcdkit/examples/knob_panel/managed_components/lvgl__lvgl/demos -IC:/Espressif/frameworks/esp-idf-v5.3.1/esp-dev-kits/esp32-c3-lcdkit/examples/knob_panel/managed_components/espressif__knob/include -IC:/Espressif/frameworks/esp-idf-v5.3.1/esp-dev-kits/esp32-c3-lcdkit/examples/knob_panel/managed_components/espressif__led_strip/include -IC:/Espressif/frameworks/esp-idf-v5.3.1/esp-dev-kits/esp32-c3-lcdkit/examples/knob_panel/managed_components/espressif__led_strip/interface -IC:/Espressif/frameworks/esp-idf-v5.3.1/components/mbedtls/port/include -IC:/Espressif/frameworks/esp-idf-v5.3.1/components/mbedtls/mbedtls/include -IC:/Espressif/frameworks/esp-idf-v5.3.1/components/mbedtls/mbedtls/library -IC:/Espressif/frameworks/esp-idf-v5.3.1/components/mbedtls/esp_crt_bundle/include -IC:/Espressif/frameworks/esp-idf-v5.3.1/components/mbedtls/mbedtls/3rdparty/everest/include -IC:/Espressif/frameworks/esp-idf-v5.3.1/components/mbedtls/mbedtls/3rdparty/p256-m -IC:/Espressif/frameworks/esp-idf-v5.3.1/components/mbedtls/mbedtls/3rdparty/p256-m/p256-m -IC:/Espressif/frameworks/esp-idf-v5.3.1/components/esp_app_format/include -IC:/Espressif/frameworks/esp-idf-v5.3.1/components/esp_bootloader_format/include -IC:/Espressif/frameworks/esp-idf-v5.3.1/components/app_update/include -IC:/Espressif/frameworks/esp-idf-v5.3.1/components/bootloader_support/include -IC:/Espressif/frameworks/esp-idf-v5.3.1/components/bootloader_support/bootloader_flash/include -IC:/Espressif/frameworks/esp-idf-v5.3.1/components/efuse/include -IC:/Espressif/frameworks/esp-idf-v5.3.1/components/efuse/esp32c3/include -IC:/Espressif/frameworks/esp-idf-v5.3.1/components/esp_mm/include -IC:/Espressif/frameworks/esp-idf-v5.3.1/components/spi_flash/include -IC:/Espressif/frameworks/esp-idf-v5.3.1/components/pthread/include -IC:/Espressif/frameworks/esp-idf-v5.3.1/components/app_trace/include -IC:/Espressif/frameworks/esp-idf-v5.3.1/components/esp_event/include -IC:/Espressif/frameworks/esp-idf-v5.3.1/components/nvs_flash/include -IC:/Espressif/frameworks/esp-idf-v5.3.1/components/esp_phy/include -IC:/Espressif/frameworks/esp-idf-v5.3.1/components/esp_phy/esp32c3/include -IC:/Espressif/frameworks/esp-idf-v5.3.1/components/esp_vfs_console/include -IC:/Espressif/frameworks/esp-idf-v5.3.1/components/esp_netif/include -IC:/Espressif/frameworks/esp-idf-v5.3.1/components/wpa_supplicant/include -IC:/Espressif/frameworks/esp-idf-v5.3.1/components/wpa_supplicant/port/include -IC:/Espressif/frameworks/esp-idf-v5.3.1/components/wpa_supplicant/esp_supplicant/include -IC:/Espressif/frameworks/esp-idf-v5.3.1/components/esp_coex/include -IC:/Espressif/frameworks/esp-idf-v5.3.1/components/esp_wifi/include -IC:/Espressif/frameworks/esp-idf-v5.3.1/components/esp_wifi/wifi_apps/include -IC:/Espressif/frameworks/esp-idf-v5.3.1/components/esp_wifi/wifi_apps/nan_app/include -IC:/Espressif/frameworks/esp-idf-v5.3.1/components/esp_wifi/include/local -IC:/Espressif/frameworks/esp-idf-v5.3.1/components/bt/include/esp32c3/include -IC:/Espressif/frameworks/esp-idf-v5.3.1/components/bt/common/osi/include -IC:/Espressif/frameworks/esp-idf-v5.3.1/components/bt/common/api/include/api -IC:/Espressif/frameworks/esp-idf-v5.3.1/components/bt/common/btc/profile/esp/blufi/include -IC:/Espressif/frameworks/esp-idf-v5.3.1/components/bt/common/btc/profile/esp/include -IC:/Espressif/frameworks/esp-idf-v5.3.1/components/bt/common/hci_log/include -IC:/Espressif/frameworks/esp-idf-v5.3.1/components/bt/host/nimble/nimble/nimble/host/include -IC:/Espressif/frameworks/esp-idf-v5.3.1/components/bt/host/nimble/nimble/nimble/include -IC:/Espressif/frameworks/esp-idf-v5.3.1/components/bt/host/nimble/nimble/nimble/host/services/ans/include -IC:/Espressif/frameworks/esp-idf-v5.3.1/components/bt/host/nimble/nimble/nimble/host/services/bas/include -IC:/Espressif/frameworks/esp-idf-v5.3.1/components/bt/host/nimble/nimble/nimble/host/services/dis/include -IC:/Espressif/frameworks/esp-idf-v5.3.1/components/bt/host/nimble/nimble/nimble/host/services/gap/include -IC:/Espressif/frameworks/esp-idf-v5.3.1/components/bt/host/nimble/nimble/nimble/host/services/gatt/include -IC:/Espressif/frameworks/esp-idf-v5.3.1/components/bt/host/nimble/nimble/nimble/host/services/hr/include -IC:/Espressif/frameworks/esp-idf-v5.3.1/components/bt/host/nimble/nimble/nimble/host/services/htp/include -IC:/Espressif/frameworks/esp-idf-v5.3.1/components/bt/host/nimble/nimble/nimble/host/services/ias/include -IC:/Espressif/frameworks/esp-idf-v5.3.1/components/bt/host/nimble/nimble/nimble/host/services/ipss/include -IC:/Espressif/frameworks/esp-idf-v5.3.1/components/bt/host/nimble/nimble/nimble/host/services/lls/include -IC:/Espressif/frameworks/esp-idf-v5.3.1/components/bt/host/nimble/nimble/nimble/host/services/prox/include -IC:/Espressif/frameworks/esp-idf-v5.3.1/components/bt/host/nimble/nimble/nimble/host/services/cts/include -IC:/Espressif/frameworks/esp-idf-v5.3.1/components/bt/host/nimble/nimble/nimble/host/services/tps/include -IC:/Espressif/frameworks/esp-idf-v5.3.1/components/bt/host/nimble/nimble/nimble/host/services/hid/include -IC:/Espressif/frameworks/esp-idf-v5.3.1/components/bt/host/nimble/nimble/nimble/host/services/sps/include -IC:/Espressif/frameworks/esp-idf-v5.3.1/components/bt/host/nimble/nimble/nimble/host/util/include -IC:/Espressif/frameworks/esp-idf-v5.3.1/components/bt/host/nimble/nimble/nimble/host/store/ram/include -IC:/Espressif/frameworks/esp-idf-v5.3.1/components/bt/host/nimble/nimble/nimble/host/store/config/include -IC:/Espressif/frameworks/esp-idf-v5.3.1/components/bt/host/nimble/nimble/porting/nimble/include -IC:/Espressif/frameworks/esp-idf-v5.3.1/components/bt/host/nimble/port/include -IC:/Espressif/frameworks/esp-idf-v5.3.1/components/bt/host/nimble/nimble/nimble/transport/include -IC:/Espressif/frameworks/esp-idf-v5.3.1/components/bt/porting/include -IC:/Espressif/frameworks/esp-idf-v5.3.1/components/bt/host/nimble/nimble/porting/npl/freertos/include -IC:/Espressif/frameworks/esp-idf-v5.3.1/components/bt/host/nimble/esp-hci/include -IC:/Espressif/frameworks/esp-idf-v5.3.1/components/unity/include -IC:/Espressif/frameworks/esp-idf-v5.3.1/components/unity/unity/src -IC:/Espressif/frameworks/esp-idf-v5.3.1/components/cmock/CMock/src -IC:/Espressif/frameworks/esp-idf-v5.3.1/components/console -IC:/Espressif/frameworks/esp-idf-v5.3.1/components/http_parser -IC:/Espressif/frameworks/esp-idf-v5.3.1/components/esp-tls -IC:/Espressif/frameworks/esp-idf-v5.3.1/components/esp-tls/esp-tls-crypto -IC:/Espressif/frameworks/esp-idf-v5.3.1/components/esp_driver_isp/include -IC:/Espressif/frameworks/esp-idf-v5.3.1/components/esp_driver_cam/include -IC:/Espressif/frameworks/esp-idf-v5.3.1/components/esp_driver_cam/interface -IC:/Espressif/frameworks/esp-idf-v5.3.1/components/esp_driver_jpeg/include -IC:/Espressif/frameworks/esp-idf-v5.3.1/components/esp_driver_ppa/include -IC:/Espressif/frameworks/esp-idf-v5.3.1/components/esp_eth/include -IC:/Espressif/frameworks/esp-idf-v5.3.1/components/esp_gdbstub/include -IC:/Espressif/frameworks/esp-idf-v5.3.1/components/esp_hid/include -IC:/Espressif/frameworks/esp-idf-v5.3.1/components/tcp_transport/include -IC:/Espressif/frameworks/esp-idf-v5.3.1/components/esp_http_client/include -IC:/Espressif/frameworks/esp-idf-v5.3.1/components/esp_http_server/include -IC:/Espressif/frameworks/esp-idf-v5.3.1/components/esp_https_ota/include -IC:/Espressif/frameworks/esp-idf-v5.3.1/components/esp_https_server/include -IC:/Espressif/frameworks/esp-idf-v5.3.1/components/esp_psram/include -IC:/Espressif/frameworks/esp-idf-v5.3.1/components/protobuf-c/protobuf-c -IC:/Espressif/frameworks/esp-idf-v5.3.1/components/protocomm/include/common -IC:/Espressif/frameworks/esp-idf-v5.3.1/components/protocomm/include/security -IC:/Espressif/frameworks/esp-idf-v5.3.1/components/protocomm/include/transports -IC:/Espressif/frameworks/esp-idf-v5.3.1/components/protocomm/include/crypto/srp6a -IC:/Espressif/frameworks/esp-idf-v5.3.1/components/protocomm/proto-c -IC:/Espressif/frameworks/esp-idf-v5.3.1/components/esp_local_ctrl/include -IC:/Espressif/frameworks/esp-idf-v5.3.1/components/espcoredump/include -IC:/Espressif/frameworks/esp-idf-v5.3.1/components/espcoredump/include/port/riscv -IC:/Espressif/frameworks/esp-idf-v5.3.1/components/wear_levelling/include -IC:/Espressif/frameworks/esp-idf-v5.3.1/components/fatfs/diskio -IC:/Espressif/frameworks/esp-idf-v5.3.1/components/fatfs/src -IC:/Espressif/frameworks/esp-idf-v5.3.1/components/fatfs/vfs -IC:/Espressif/frameworks/esp-idf-v5.3.1/components/idf_test/include -IC:/Espressif/frameworks/esp-idf-v5.3.1/components/idf_test/include/esp32c3 -IC:/Espressif/frameworks/esp-idf-v5.3.1/components/ieee802154/include -IC:/Espressif/frameworks/esp-idf-v5.3.1/components/json/cJSON -IC:/Espressif/frameworks/esp-idf-v5.3.1/components/mqtt/esp-mqtt/include -IC:/Espressif/frameworks/esp-idf-v5.3.1/components/nvs_sec_provider/include -IC:/Espressif/frameworks/esp-idf-v5.3.1/components/wifi_provisioning/include -march=rv32imc_zicsr_zifencei  -fdiagnostics-color=always -fdiagnostics-color=always -DLV_LVGL_H_INCLUDE_SIMPLE -Wno-format -Wno-implicit-fallthrough -Wno-unused-local-typedefs -Wno-ignored-qualifiers -ffunction-sections -fdata-sections -Wall -Werror=all -Wno-error=unused-function -Wno-error=unused-variable -Wno-error=unused-but-set-variable -Wno-error=deprecated-declarations -Wextra -Wno-unused-parameter -Wno-sign-compare -Wno-enum-conversion -gdwarf-4 -ggdb -nostartfiles -Og -fno-shrink-wrap -fmacro-prefix-map=C:/Espressif/frameworks/esp-idf-v5.3.1/esp-dev-kits/esp32-c3-lcdkit/examples/knob_panel=. -fmacro-prefix-map=C:/Espressif/frameworks/esp-idf-v5.3.1=/IDF -fstrict-volatile-bitfields -fno-jump-tables -fno-tree-switch-conversion -std=gnu17 -Wno-old-style-declaration -Wno-cast-function-type -DBUTTON_VER_MAJOR=3 -DBUTTON_VER_MINOR=4 -DBUTTON_VER_PATCH=0 -DESP_LCD_GC9A01_VER_MAJOR=1 -DESP_LCD_GC9A01_VER_MINOR=2 -DESP_LCD_GC9A01_VER_PATCH=0 -DKNOB_VER_MAJOR=0 -DKNOB_VER_MINOR=1 -DKNOB_VER_PATCH=5 -MD -MT esp-idf/main/CMakeFiles/__idf_main.dir/ui/ui_light_2color.c.obj -MF esp-idf\main\CMakeFiles\__idf_main.dir\ui\ui_light_2color.c.obj.d -o esp-idf/main/CMakeFiles/__idf_main.dir/ui/ui_light_2color.c.obj -c C:/Espressif/frameworks/esp-idf-v5.3.1/esp-dev-kits/esp32-c3-lcdkit/examples/knob_panel/main/ui/ui_light_2color.c
In file included from C:/Espressif/frameworks/esp-idf-v5.3.1/esp-dev-kits/esp32-c3-lcdkit/examples/knob_panel/main/ui/ui_light_2color.c:9:
C:/Espressif/frameworks/esp-idf-v5.3.1/esp-dev-kits/esp32-c3-lcdkit/examples/knob_panel/main/app_audio.h:18:1: error: unknown type name 'esp_err_t'
   18 | esp_err_t audio_force_quite(bool ret);
      | ^~~~~~~~~
C:/Espressif/frameworks/esp-idf-v5.3.1/esp-dev-kits/esp32-c3-lcdkit/examples/knob_panel/main/app_audio.h:20:1: error: unknown type name 'esp_err_t'
   20 | esp_err_t audio_handle_info(PDM_SOUND_TYPE voice);
      | ^~~~~~~~~
C:/Espressif/frameworks/esp-idf-v5.3.1/esp-dev-kits/esp32-c3-lcdkit/examples/knob_panel/main/app_audio.h:22:1: error: unknown type name 'esp_err_t'
   22 | esp_err_t audio_play_start();
      | ^~~~~~~~~
C:/Espressif/frameworks/esp-idf-v5.3.1/esp-dev-kits/esp32-c3-lcdkit/examples/knob_panel/main/ui/ui_light_2color.c: In function 'light_2color_layer_timer_cb':
C:/Espressif/frameworks/esp-idf-v5.3.1/esp-dev-kits/esp32-c3-lcdkit/examples/knob_panel/main/ui/ui_light_2color.c:195:39: error: 'SOUND_TYPE_LIGHT_OFF' undeclared (first use in this function); did you mean 'SOUND_TYPE_FACTORY'?
  195 |                     audio_handle_info(SOUND_TYPE_LIGHT_OFF);
      |                                       ^~~~~~~~~~~~~~~~~~~~
      |                                       SOUND_TYPE_FACTORY
C:/Espressif/frameworks/esp-idf-v5.3.1/esp-dev-kits/esp32-c3-lcdkit/examples/knob_panel/main/ui/ui_light_2color.c:195:39: note: each undeclared identifier is reported only once for each function it appears in
C:/Espressif/frameworks/esp-idf-v5.3.1/esp-dev-kits/esp32-c3-lcdkit/examples/knob_panel/main/ui/ui_light_2color.c:198:39: error: 'SOUND_TYPE_LIGHT_LEVEL_25' undeclared (first use in this function)
  198 |                     audio_handle_info(SOUND_TYPE_LIGHT_LEVEL_25);
      |                                       ^~~~~~~~~~~~~~~~~~~~~~~~~
C:/Espressif/frameworks/esp-idf-v5.3.1/esp-dev-kits/esp32-c3-lcdkit/examples/knob_panel/main/ui/ui_light_2color.c:201:39: error: 'SOUND_TYPE_LIGHT_LEVEL_50' undeclared (first use in this function)
  201 |                     audio_handle_info(SOUND_TYPE_LIGHT_LEVEL_50);
      |                                       ^~~~~~~~~~~~~~~~~~~~~~~~~
C:/Espressif/frameworks/esp-idf-v5.3.1/esp-dev-kits/esp32-c3-lcdkit/examples/knob_panel/main/ui/ui_light_2color.c:204:39: error: 'SOUND_TYPE_LIGHT_LEVEL_75' undeclared (first use in this function)
  204 |                     audio_handle_info(SOUND_TYPE_LIGHT_LEVEL_75);
      |                                       ^~~~~~~~~~~~~~~~~~~~~~~~~
C:/Espressif/frameworks/esp-idf-v5.3.1/esp-dev-kits/esp32-c3-lcdkit/examples/knob_panel/main/ui/ui_light_2color.c:207:39: error: 'SOUND_TYPE_LIGHT_LEVEL_100' undeclared (first use in this function)
  207 |                     audio_handle_info(SOUND_TYPE_LIGHT_LEVEL_100);
      |                                       ^~~~~~~~~~~~~~~~~~~~~~~~~~
[4/9] Building C object esp-idf/main/CMakeFiles/__idf_main.dir/app_audio.c.obj
FAILED: esp-idf/main/CMakeFiles/__idf_main.dir/app_audio.c.obj 
ccache C:\Espressif\tools\riscv32-esp-elf\esp-13.2.0_20240530\riscv32-esp-elf\bin\riscv32-esp-elf-gcc.exe -DESP_PLATFORM -DIDF_VER=\"v5.3.1\" -DLV_CONF_INCLUDE_SIMPLE -DMBEDTLS_CONFIG_FILE=\"mbedtls/esp_config.h\" -DSOC_MMU_PAGE_SIZE=CONFIG_MMU_PAGE_SIZE -DSOC_XTAL_FREQ_MHZ=CONFIG_XTAL_FREQ -DUNITY_INCLUDE_CONFIG_H -D_GLIBCXX_HAVE_POSIX_SEMAPHORE -D_GLIBCXX_USE_POSIX_SEMAPHORE -D_GNU_SOURCE -D_POSIX_READER_WRITER_LOCKS -IC:/Espressif/frameworks/esp-idf-v5.3.1/esp-dev-kits/esp32-c3-lcdkit/examples/knob_panel/build/config -IC:/Espressif/frameworks/esp-idf-v5.3.1/esp-dev-kits/esp32-c3-lcdkit/examples/knob_panel/main -IC:/Espressif/frameworks/esp-idf-v5.3.1/esp-dev-kits/esp32-c3-lcdkit/examples/knob_panel/main/ir_nec -IC:/Espressif/frameworks/esp-idf-v5.3.1/esp-dev-kits/esp32-c3-lcdkit/examples/knob_panel/main/ui/layer_manage -IC:/Espressif/frameworks/esp-idf-v5.3.1/components/newlib/platform_include -IC:/Espressif/frameworks/esp-idf-v5.3.1/components/freertos/config/include -IC:/Espressif/frameworks/esp-idf-v5.3.1/components/freertos/config/include/freertos -IC:/Espressif/frameworks/esp-idf-v5.3.1/components/freertos/config/riscv/include -IC:/Espressif/frameworks/esp-idf-v5.3.1/components/freertos/FreeRTOS-Kernel/include -IC:/Espressif/frameworks/esp-idf-v5.3.1/components/freertos/FreeRTOS-Kernel/portable/riscv/include -IC:/Espressif/frameworks/esp-idf-v5.3.1/components/freertos/FreeRTOS-Kernel/portable/riscv/include/freertos -IC:/Espressif/frameworks/esp-idf-v5.3.1/components/freertos/esp_additions/include -IC:/Espressif/frameworks/esp-idf-v5.3.1/components/esp_hw_support/include -IC:/Espressif/frameworks/esp-idf-v5.3.1/components/esp_hw_support/include/soc -IC:/Espressif/frameworks/esp-idf-v5.3.1/components/esp_hw_support/include/soc/esp32c3 -IC:/Espressif/frameworks/esp-idf-v5.3.1/components/esp_hw_support/dma/include -IC:/Espressif/frameworks/esp-idf-v5.3.1/components/esp_hw_support/ldo/include -IC:/Espressif/frameworks/esp-idf-v5.3.1/components/esp_hw_support/port/esp32c3/. -IC:/Espressif/frameworks/esp-idf-v5.3.1/components/esp_hw_support/port/esp32c3/include -IC:/Espressif/frameworks/esp-idf-v5.3.1/components/heap/include -IC:/Espressif/frameworks/esp-idf-v5.3.1/components/log/include -IC:/Espressif/frameworks/esp-idf-v5.3.1/components/soc/include -IC:/Espressif/frameworks/esp-idf-v5.3.1/components/soc/esp32c3 -IC:/Espressif/frameworks/esp-idf-v5.3.1/components/soc/esp32c3/include -IC:/Espressif/frameworks/esp-idf-v5.3.1/components/hal/platform_port/include -IC:/Espressif/frameworks/esp-idf-v5.3.1/components/hal/esp32c3/include -IC:/Espressif/frameworks/esp-idf-v5.3.1/components/hal/include -IC:/Espressif/frameworks/esp-idf-v5.3.1/components/esp_rom/include -IC:/Espressif/frameworks/esp-idf-v5.3.1/components/esp_rom/include/esp32c3 -IC:/Espressif/frameworks/esp-idf-v5.3.1/components/esp_rom/esp32c3 -IC:/Espressif/frameworks/esp-idf-v5.3.1/components/esp_common/include -IC:/Espressif/frameworks/esp-idf-v5.3.1/components/esp_system/include -IC:/Espressif/frameworks/esp-idf-v5.3.1/components/esp_system/port/soc -IC:/Espressif/frameworks/esp-idf-v5.3.1/components/esp_system/port/include/riscv -IC:/Espressif/frameworks/esp-idf-v5.3.1/components/esp_system/port/include/private -IC:/Espressif/frameworks/esp-idf-v5.3.1/components/riscv/include -IC:/Espressif/frameworks/esp-idf-v5.3.1/components/esp_timer/include -IC:/Espressif/frameworks/esp-idf-v5.3.1/components/lwip/include -IC:/Espressif/frameworks/esp-idf-v5.3.1/components/lwip/include/apps -IC:/Espressif/frameworks/esp-idf-v5.3.1/components/lwip/include/apps/sntp -IC:/Espressif/frameworks/esp-idf-v5.3.1/components/lwip/lwip/src/include -IC:/Espressif/frameworks/esp-idf-v5.3.1/components/lwip/port/include -IC:/Espressif/frameworks/esp-idf-v5.3.1/components/lwip/port/freertos/include -IC:/Espressif/frameworks/esp-idf-v5.3.1/components/lwip/port/esp32xx/include -IC:/Espressif/frameworks/esp-idf-v5.3.1/components/lwip/port/esp32xx/include/arch -IC:/Espressif/frameworks/esp-idf-v5.3.1/components/lwip/port/esp32xx/include/sys -IC:/Espressif/frameworks/esp-idf-v5.3.1/esp-dev-kits/esp32-c3-lcdkit/examples/knob_panel/managed_components/espressif__esp_codec_dev/include -IC:/Espressif/frameworks/esp-idf-v5.3.1/esp-dev-kits/esp32-c3-lcdkit/examples/knob_panel/managed_components/espressif__esp_codec_dev/interface -IC:/Espressif/frameworks/esp-idf-v5.3.1/esp-dev-kits/esp32-c3-lcdkit/examples/knob_panel/managed_components/espressif__esp_codec_dev/device/include -IC:/Espressif/frameworks/esp-idf-v5.3.1/components/driver/deprecated -IC:/Espressif/frameworks/esp-idf-v5.3.1/components/driver/i2c/include -IC:/Espressif/frameworks/esp-idf-v5.3.1/components/driver/touch_sensor/include -IC:/Espressif/frameworks/esp-idf-v5.3.1/components/driver/twai/include -IC:/Espressif/frameworks/esp-idf-v5.3.1/components/esp_pm/include -IC:/Espressif/frameworks/esp-idf-v5.3.1/components/esp_ringbuf/include -IC:/Espressif/frameworks/esp-idf-v5.3.1/components/esp_driver_gpio/include -IC:/Espressif/frameworks/esp-idf-v5.3.1/components/esp_driver_pcnt/include -IC:/Espressif/frameworks/esp-idf-v5.3.1/components/esp_driver_gptimer/include -IC:/Espressif/frameworks/esp-idf-v5.3.1/components/esp_driver_spi/include -IC:/Espressif/frameworks/esp-idf-v5.3.1/components/esp_driver_mcpwm/include -IC:/Espressif/frameworks/esp-idf-v5.3.1/components/esp_driver_ana_cmpr/include -IC:/Espressif/frameworks/esp-idf-v5.3.1/components/esp_driver_i2s/include -IC:/Espressif/frameworks/esp-idf-v5.3.1/components/esp_driver_sdmmc/include -IC:/Espressif/frameworks/esp-idf-v5.3.1/components/sdmmc/include -IC:/Espressif/frameworks/esp-idf-v5.3.1/components/esp_driver_sdspi/include -IC:/Espressif/frameworks/esp-idf-v5.3.1/components/esp_driver_sdio/include -IC:/Espressif/frameworks/esp-idf-v5.3.1/components/esp_driver_dac/include -IC:/Espressif/frameworks/esp-idf-v5.3.1/components/esp_driver_rmt/include -IC:/Espressif/frameworks/esp-idf-v5.3.1/components/esp_driver_tsens/include -IC:/Espressif/frameworks/esp-idf-v5.3.1/components/esp_driver_sdm/include -IC:/Espressif/frameworks/esp-idf-v5.3.1/components/esp_driver_i2c/include -IC:/Espressif/frameworks/esp-idf-v5.3.1/components/esp_driver_uart/include -IC:/Espressif/frameworks/esp-idf-v5.3.1/components/vfs/include -IC:/Espressif/frameworks/esp-idf-v5.3.1/components/esp_driver_ledc/include -IC:/Espressif/frameworks/esp-idf-v5.3.1/components/esp_driver_parlio/include -IC:/Espressif/frameworks/esp-idf-v5.3.1/components/esp_driver_usb_serial_jtag/include -IC:/Espressif/frameworks/esp-idf-v5.3.1/esp-dev-kits/esp32-c3-lcdkit/examples/knob_panel/managed_components/chmorgan__esp-audio-player/include -IC:/Espressif/frameworks/esp-idf-v5.3.1/esp-dev-kits/esp32-c3-lcdkit/examples/knob_panel/managed_components/chmorgan__esp-libhelix-mp3/libhelix-mp3/pub -IC:/Espressif/frameworks/esp-idf-v5.3.1/esp-dev-kits/esp32-c3-lcdkit/examples/knob_panel/managed_components/chmorgan__esp-file-iterator/include -IC:/Espressif/frameworks/esp-idf-v5.3.1/esp-dev-kits/esp32-c3-lcdkit/examples/knob_panel/managed_components/espressif__esp32_c3_lcdkit/include -IC:/Espressif/frameworks/esp-idf-v5.3.1/components/spiffs/include -IC:/Espressif/frameworks/esp-idf-v5.3.1/components/esp_partition/include -IC:/Espressif/frameworks/esp-idf-v5.3.1/esp-dev-kits/esp32-c3-lcdkit/examples/knob_panel/managed_components/espressif__button/include -IC:/Espressif/frameworks/esp-idf-v5.3.1/components/esp_adc/include -IC:/Espressif/frameworks/esp-idf-v5.3.1/components/esp_adc/interface -IC:/Espressif/frameworks/esp-idf-v5.3.1/components/esp_adc/esp32c3/include -IC:/Espressif/frameworks/esp-idf-v5.3.1/components/esp_adc/deprecated/include -IC:/Espressif/frameworks/esp-idf-v5.3.1/esp-dev-kits/esp32-c3-lcdkit/examples/knob_panel/managed_components/espressif__esp_lcd_gc9a01/include -IC:/Espressif/frameworks/esp-idf-v5.3.1/components/esp_lcd/include -IC:/Espressif/frameworks/esp-idf-v5.3.1/components/esp_lcd/interface -IC:/Espressif/frameworks/esp-idf-v5.3.1/esp-dev-kits/esp32-c3-lcdkit/examples/knob_panel/managed_components/espressif__esp_lvgl_port/include -IC:/Espressif/frameworks/esp-idf-v5.3.1/esp-dev-kits/esp32-c3-lcdkit/examples/knob_panel/managed_components/lvgl__lvgl -IC:/Espressif/frameworks/esp-idf-v5.3.1/esp-dev-kits/esp32-c3-lcdkit/examples/knob_panel/managed_components/lvgl__lvgl/src -IC:/Espressif/frameworks/esp-idf-v5.3.1/esp-dev-kits/esp32-c3-lcdkit/examples/knob_panel/managed_components -IC:/Espressif/frameworks/esp-idf-v5.3.1/esp-dev-kits/esp32-c3-lcdkit/examples/knob_panel/managed_components/lvgl__lvgl/examples -IC:/Espressif/frameworks/esp-idf-v5.3.1/esp-dev-kits/esp32-c3-lcdkit/examples/knob_panel/managed_components/lvgl__lvgl/demos -IC:/Espressif/frameworks/esp-idf-v5.3.1/esp-dev-kits/esp32-c3-lcdkit/examples/knob_panel/managed_components/espressif__knob/include -IC:/Espressif/frameworks/esp-idf-v5.3.1/esp-dev-kits/esp32-c3-lcdkit/examples/knob_panel/managed_components/espressif__led_strip/include -IC:/Espressif/frameworks/esp-idf-v5.3.1/esp-dev-kits/esp32-c3-lcdkit/examples/knob_panel/managed_components/espressif__led_strip/interface -IC:/Espressif/frameworks/esp-idf-v5.3.1/components/mbedtls/port/include -IC:/Espressif/frameworks/esp-idf-v5.3.1/components/mbedtls/mbedtls/include -IC:/Espressif/frameworks/esp-idf-v5.3.1/components/mbedtls/mbedtls/library -IC:/Espressif/frameworks/esp-idf-v5.3.1/components/mbedtls/esp_crt_bundle/include -IC:/Espressif/frameworks/esp-idf-v5.3.1/components/mbedtls/mbedtls/3rdparty/everest/include -IC:/Espressif/frameworks/esp-idf-v5.3.1/components/mbedtls/mbedtls/3rdparty/p256-m -IC:/Espressif/frameworks/esp-idf-v5.3.1/components/mbedtls/mbedtls/3rdparty/p256-m/p256-m -IC:/Espressif/frameworks/esp-idf-v5.3.1/components/esp_app_format/include -IC:/Espressif/frameworks/esp-idf-v5.3.1/components/esp_bootloader_format/include -IC:/Espressif/frameworks/esp-idf-v5.3.1/components/app_update/include -IC:/Espressif/frameworks/esp-idf-v5.3.1/components/bootloader_support/include -IC:/Espressif/frameworks/esp-idf-v5.3.1/components/bootloader_support/bootloader_flash/include -IC:/Espressif/frameworks/esp-idf-v5.3.1/components/efuse/include -IC:/Espressif/frameworks/esp-idf-v5.3.1/components/efuse/esp32c3/include -IC:/Espressif/frameworks/esp-idf-v5.3.1/components/esp_mm/include -IC:/Espressif/frameworks/esp-idf-v5.3.1/components/spi_flash/include -IC:/Espressif/frameworks/esp-idf-v5.3.1/components/pthread/include -IC:/Espressif/frameworks/esp-idf-v5.3.1/components/app_trace/include -IC:/Espressif/frameworks/esp-idf-v5.3.1/components/esp_event/include -IC:/Espressif/frameworks/esp-idf-v5.3.1/components/nvs_flash/include -IC:/Espressif/frameworks/esp-idf-v5.3.1/components/esp_phy/include -IC:/Espressif/frameworks/esp-idf-v5.3.1/components/esp_phy/esp32c3/include -IC:/Espressif/frameworks/esp-idf-v5.3.1/components/esp_vfs_console/include -IC:/Espressif/frameworks/esp-idf-v5.3.1/components/esp_netif/include -IC:/Espressif/frameworks/esp-idf-v5.3.1/components/wpa_supplicant/include -IC:/Espressif/frameworks/esp-idf-v5.3.1/components/wpa_supplicant/port/include -IC:/Espressif/frameworks/esp-idf-v5.3.1/components/wpa_supplicant/esp_supplicant/include -IC:/Espressif/frameworks/esp-idf-v5.3.1/components/esp_coex/include -IC:/Espressif/frameworks/esp-idf-v5.3.1/components/esp_wifi/include -IC:/Espressif/frameworks/esp-idf-v5.3.1/components/esp_wifi/wifi_apps/include -IC:/Espressif/frameworks/esp-idf-v5.3.1/components/esp_wifi/wifi_apps/nan_app/include -IC:/Espressif/frameworks/esp-idf-v5.3.1/components/esp_wifi/include/local -IC:/Espressif/frameworks/esp-idf-v5.3.1/components/bt/include/esp32c3/include -IC:/Espressif/frameworks/esp-idf-v5.3.1/components/bt/common/osi/include -IC:/Espressif/frameworks/esp-idf-v5.3.1/components/bt/common/api/include/api -IC:/Espressif/frameworks/esp-idf-v5.3.1/components/bt/common/btc/profile/esp/blufi/include -IC:/Espressif/frameworks/esp-idf-v5.3.1/components/bt/common/btc/profile/esp/include -IC:/Espressif/frameworks/esp-idf-v5.3.1/components/bt/common/hci_log/include -IC:/Espressif/frameworks/esp-idf-v5.3.1/components/bt/host/nimble/nimble/nimble/host/include -IC:/Espressif/frameworks/esp-idf-v5.3.1/components/bt/host/nimble/nimble/nimble/include -IC:/Espressif/frameworks/esp-idf-v5.3.1/components/bt/host/nimble/nimble/nimble/host/services/ans/include -IC:/Espressif/frameworks/esp-idf-v5.3.1/components/bt/host/nimble/nimble/nimble/host/services/bas/include -IC:/Espressif/frameworks/esp-idf-v5.3.1/components/bt/host/nimble/nimble/nimble/host/services/dis/include -IC:/Espressif/frameworks/esp-idf-v5.3.1/components/bt/host/nimble/nimble/nimble/host/services/gap/include -IC:/Espressif/frameworks/esp-idf-v5.3.1/components/bt/host/nimble/nimble/nimble/host/services/gatt/include -IC:/Espressif/frameworks/esp-idf-v5.3.1/components/bt/host/nimble/nimble/nimble/host/services/hr/include -IC:/Espressif/frameworks/esp-idf-v5.3.1/components/bt/host/nimble/nimble/nimble/host/services/htp/include -IC:/Espressif/frameworks/esp-idf-v5.3.1/components/bt/host/nimble/nimble/nimble/host/services/ias/include -IC:/Espressif/frameworks/esp-idf-v5.3.1/components/bt/host/nimble/nimble/nimble/host/services/ipss/include -IC:/Espressif/frameworks/esp-idf-v5.3.1/components/bt/host/nimble/nimble/nimble/host/services/lls/include -IC:/Espressif/frameworks/esp-idf-v5.3.1/components/bt/host/nimble/nimble/nimble/host/services/prox/include -IC:/Espressif/frameworks/esp-idf-v5.3.1/components/bt/host/nimble/nimble/nimble/host/services/cts/include -IC:/Espressif/frameworks/esp-idf-v5.3.1/components/bt/host/nimble/nimble/nimble/host/services/tps/include -IC:/Espressif/frameworks/esp-idf-v5.3.1/components/bt/host/nimble/nimble/nimble/host/services/hid/include -IC:/Espressif/frameworks/esp-idf-v5.3.1/components/bt/host/nimble/nimble/nimble/host/services/sps/include -IC:/Espressif/frameworks/esp-idf-v5.3.1/components/bt/host/nimble/nimble/nimble/host/util/include -IC:/Espressif/frameworks/esp-idf-v5.3.1/components/bt/host/nimble/nimble/nimble/host/store/ram/include -IC:/Espressif/frameworks/esp-idf-v5.3.1/components/bt/host/nimble/nimble/nimble/host/store/config/include -IC:/Espressif/frameworks/esp-idf-v5.3.1/components/bt/host/nimble/nimble/porting/nimble/include -IC:/Espressif/frameworks/esp-idf-v5.3.1/components/bt/host/nimble/port/include -IC:/Espressif/frameworks/esp-idf-v5.3.1/components/bt/host/nimble/nimble/nimble/transport/include -IC:/Espressif/frameworks/esp-idf-v5.3.1/components/bt/porting/include -IC:/Espressif/frameworks/esp-idf-v5.3.1/components/bt/host/nimble/nimble/porting/npl/freertos/include -IC:/Espressif/frameworks/esp-idf-v5.3.1/components/bt/host/nimble/esp-hci/include -IC:/Espressif/frameworks/esp-idf-v5.3.1/components/unity/include -IC:/Espressif/frameworks/esp-idf-v5.3.1/components/unity/unity/src -IC:/Espressif/frameworks/esp-idf-v5.3.1/components/cmock/CMock/src -IC:/Espressif/frameworks/esp-idf-v5.3.1/components/console -IC:/Espressif/frameworks/esp-idf-v5.3.1/components/http_parser -IC:/Espressif/frameworks/esp-idf-v5.3.1/components/esp-tls -IC:/Espressif/frameworks/esp-idf-v5.3.1/components/esp-tls/esp-tls-crypto -IC:/Espressif/frameworks/esp-idf-v5.3.1/components/esp_driver_isp/include -IC:/Espressif/frameworks/esp-idf-v5.3.1/components/esp_driver_cam/include -IC:/Espressif/frameworks/esp-idf-v5.3.1/components/esp_driver_cam/interface -IC:/Espressif/frameworks/esp-idf-v5.3.1/components/esp_driver_jpeg/include -IC:/Espressif/frameworks/esp-idf-v5.3.1/components/esp_driver_ppa/include -IC:/Espressif/frameworks/esp-idf-v5.3.1/components/esp_eth/include -IC:/Espressif/frameworks/esp-idf-v5.3.1/components/esp_gdbstub/include -IC:/Espressif/frameworks/esp-idf-v5.3.1/components/esp_hid/include -IC:/Espressif/frameworks/esp-idf-v5.3.1/components/tcp_transport/include -IC:/Espressif/frameworks/esp-idf-v5.3.1/components/esp_http_client/include -IC:/Espressif/frameworks/esp-idf-v5.3.1/components/esp_http_server/include -IC:/Espressif/frameworks/esp-idf-v5.3.1/components/esp_https_ota/include -IC:/Espressif/frameworks/esp-idf-v5.3.1/components/esp_https_server/include -IC:/Espressif/frameworks/esp-idf-v5.3.1/components/esp_psram/include -IC:/Espressif/frameworks/esp-idf-v5.3.1/components/protobuf-c/protobuf-c -IC:/Espressif/frameworks/esp-idf-v5.3.1/components/protocomm/include/common -IC:/Espressif/frameworks/esp-idf-v5.3.1/components/protocomm/include/security -IC:/Espressif/frameworks/esp-idf-v5.3.1/components/protocomm/include/transports -IC:/Espressif/frameworks/esp-idf-v5.3.1/components/protocomm/include/crypto/srp6a -IC:/Espressif/frameworks/esp-idf-v5.3.1/components/protocomm/proto-c -IC:/Espressif/frameworks/esp-idf-v5.3.1/components/esp_local_ctrl/include -IC:/Espressif/frameworks/esp-idf-v5.3.1/components/espcoredump/include -IC:/Espressif/frameworks/esp-idf-v5.3.1/components/espcoredump/include/port/riscv -IC:/Espressif/frameworks/esp-idf-v5.3.1/components/wear_levelling/include -IC:/Espressif/frameworks/esp-idf-v5.3.1/components/fatfs/diskio -IC:/Espressif/frameworks/esp-idf-v5.3.1/components/fatfs/src -IC:/Espressif/frameworks/esp-idf-v5.3.1/components/fatfs/vfs -IC:/Espressif/frameworks/esp-idf-v5.3.1/components/idf_test/include -IC:/Espressif/frameworks/esp-idf-v5.3.1/components/idf_test/include/esp32c3 -IC:/Espressif/frameworks/esp-idf-v5.3.1/components/ieee802154/include -IC:/Espressif/frameworks/esp-idf-v5.3.1/components/json/cJSON -IC:/Espressif/frameworks/esp-idf-v5.3.1/components/mqtt/esp-mqtt/include -IC:/Espressif/frameworks/esp-idf-v5.3.1/components/nvs_sec_provider/include -IC:/Espressif/frameworks/esp-idf-v5.3.1/components/wifi_provisioning/include -march=rv32imc_zicsr_zifencei  -fdiagnostics-color=always -fdiagnostics-color=always -DLV_LVGL_H_INCLUDE_SIMPLE -Wno-format -Wno-implicit-fallthrough -Wno-unused-local-typedefs -Wno-ignored-qualifiers -ffunction-sections -fdata-sections -Wall -Werror=all -Wno-error=unused-function -Wno-error=unused-variable -Wno-error=unused-but-set-variable -Wno-error=deprecated-declarations -Wextra -Wno-unused-parameter -Wno-sign-compare -Wno-enum-conversion -gdwarf-4 -ggdb -nostartfiles -Og -fno-shrink-wrap -fmacro-prefix-map=C:/Espressif/frameworks/esp-idf-v5.3.1/esp-dev-kits/esp32-c3-lcdkit/examples/knob_panel=. -fmacro-prefix-map=C:/Espressif/frameworks/esp-idf-v5.3.1=/IDF -fstrict-volatile-bitfields -fno-jump-tables -fno-tree-switch-conversion -std=gnu17 -Wno-old-style-declaration -Wno-cast-function-type -DBUTTON_VER_MAJOR=3 -DBUTTON_VER_MINOR=4 -DBUTTON_VER_PATCH=0 -DESP_LCD_GC9A01_VER_MAJOR=1 -DESP_LCD_GC9A01_VER_MINOR=2 -DESP_LCD_GC9A01_VER_PATCH=0 -DKNOB_VER_MAJOR=0 -DKNOB_VER_MINOR=1 -DKNOB_VER_PATCH=5 -MD -MT esp-idf/main/CMakeFiles/__idf_main.dir/app_audio.c.obj -MF esp-idf\main\CMakeFiles\__idf_main.dir\app_audio.c.obj.d -o esp-idf/main/CMakeFiles/__idf_main.dir/app_audio.c.obj -c C:/Espressif/frameworks/esp-idf-v5.3.1/esp-dev-kits/esp32-c3-lcdkit/examples/knob_panel/main/app_audio.c
C:/Espressif/frameworks/esp-idf-v5.3.1/esp-dev-kits/esp32-c3-lcdkit/examples/knob_panel/main/app_audio.c:31:3: error: conflicting types for 'PDM_SOUND_TYPE'; have 'enum <anonymous>'
   31 | } PDM_SOUND_TYPE;
      |   ^~~~~~~~~~~~~~
In file included from C:/Espressif/frameworks/esp-idf-v5.3.1/esp-dev-kits/esp32-c3-lcdkit/examples/knob_panel/main/app_audio.c:20:
C:/Espressif/frameworks/esp-idf-v5.3.1/esp-dev-kits/esp32-c3-lcdkit/examples/knob_panel/main/app_audio.h:16:2: note: previous declaration of 'PDM_SOUND_TYPE' with type 'PDM_SOUND_TYPE'
   16 | }PDM_SOUND_TYPE;
      |  ^~~~~~~~~~~~~~
C:/Espressif/frameworks/esp-idf-v5.3.1/esp-dev-kits/esp32-c3-lcdkit/examples/knob_panel/main/app_audio.c:57:11: error: conflicting types for 'audio_handle_info'; have 'esp_err_t(PDM_SOUND_TYPE)' {aka 'int(PDM_SOUND_TYPE)'}
   57 | esp_err_t audio_handle_info(PDM_SOUND_TYPE voice)
      |           ^~~~~~~~~~~~~~~~~
C:/Espressif/frameworks/esp-idf-v5.3.1/esp-dev-kits/esp32-c3-lcdkit/examples/knob_panel/main/app_audio.h:20:11: note: previous declaration of 'audio_handle_info' with type 'esp_err_t(PDM_SOUND_TYPE)' {aka 'int(PDM_SOUND_TYPE)'}
   20 | esp_err_t audio_handle_info(PDM_SOUND_TYPE voice);
      |           ^~~~~~~~~~~~~~~~~
C:/Espressif/frameworks/esp-idf-v5.3.1/esp-dev-kits/esp32-c3-lcdkit/examples/knob_panel/main/app_audio.c: In function 'audio_handle_info':
C:/Espressif/frameworks/esp-idf-v5.3.1/esp-dev-kits/esp32-c3-lcdkit/examples/knob_panel/main/app_audio.c:79:5: error: duplicate case value
   79 |     case SOUND_TYPE_LIGHT_OFF:
      |     ^~~~
C:/Espressif/frameworks/esp-idf-v5.3.1/esp-dev-kits/esp32-c3-lcdkit/examples/knob_panel/main/app_audio.c:63:5: note: previously used here
   63 |     case SOUND_TYPE_KNOB:
      |     ^~~~
C:/Espressif/frameworks/esp-idf-v5.3.1/esp-dev-kits/esp32-c3-lcdkit/examples/knob_panel/main/app_audio.c:82:5: error: duplicate case value
   82 |     case SOUND_TYPE_LIGHT_LEVEL_25:
      |     ^~~~
C:/Espressif/frameworks/esp-idf-v5.3.1/esp-dev-kits/esp32-c3-lcdkit/examples/knob_panel/main/app_audio.c:66:5: note: previously used here
   66 |     case SOUND_TYPE_SNORE:
      |     ^~~~
C:/Espressif/frameworks/esp-idf-v5.3.1/esp-dev-kits/esp32-c3-lcdkit/examples/knob_panel/main/app_audio.c:85:5: error: duplicate case value
   85 |     case SOUND_TYPE_LIGHT_LEVEL_50:
      |     ^~~~
C:/Espressif/frameworks/esp-idf-v5.3.1/esp-dev-kits/esp32-c3-lcdkit/examples/knob_panel/main/app_audio.c:69:5: note: previously used here
   69 |     case SOUND_TYPE_WASH_END_CN:
      |     ^~~~
C:/Espressif/frameworks/esp-idf-v5.3.1/esp-dev-kits/esp32-c3-lcdkit/examples/knob_panel/main/app_audio.c:88:5: error: duplicate case value
   88 |     case SOUND_TYPE_LIGHT_LEVEL_75:
      |     ^~~~
C:/Espressif/frameworks/esp-idf-v5.3.1/esp-dev-kits/esp32-c3-lcdkit/examples/knob_panel/main/app_audio.c:72:5: note: previously used here
   72 |     case SOUND_TYPE_WASH_END_EN:
      |     ^~~~
C:/Espressif/frameworks/esp-idf-v5.3.1/esp-dev-kits/esp32-c3-lcdkit/examples/knob_panel/main/app_audio.c:91:5: error: duplicate case value
   91 |     case SOUND_TYPE_LIGHT_LEVEL_100:
      |     ^~~~
C:/Espressif/frameworks/esp-idf-v5.3.1/esp-dev-kits/esp32-c3-lcdkit/examples/knob_panel/main/app_audio.c:75:5: note: previously used here
   75 |     case SOUND_TYPE_FACTORY:
      |     ^~~~
ninja: build stopped: subcommand failed.
