[1/16] cmd.exe /C "cd /D C:\Espressif\frameworks\esp-idf-v5.3.1\esp-dev-kits\esp32-c3-lcdkit\examples\knob_panel\build\esp-idf\main && C:\Espressif\python_env\idf5.3_py3.11_env\Scripts\python.exe C:/Espressif/frameworks/esp-idf-v5.3.1/components/spiffs/spiffsgen.py 0x64000 C:/Espressif/frameworks/esp-idf-v5.3.1/esp-dev-kits/esp32-c3-lcdkit/examples/knob_panel/spiffs C:/Espressif/frameworks/esp-idf-v5.3.1/esp-dev-kits/esp32-c3-lcdkit/examples/knob_panel/build/storage.bin --page-size=256 --obj-name-len=32 --meta-len=4 --use-magic --use-magic-len"
FAILED: esp-idf/main/CMakeFiles/spiffs_storage_bin C:/Espressif/frameworks/esp-idf-v5.3.1/esp-dev-kits/esp32-c3-lcdkit/examples/knob_panel/build/esp-idf/main/CMakeFiles/spiffs_storage_bin 
cmd.exe /C "cd /D C:\Espressif\frameworks\esp-idf-v5.3.1\esp-dev-kits\esp32-c3-lcdkit\examples\knob_panel\build\esp-idf\main && C:\Espressif\python_env\idf5.3_py3.11_env\Scripts\python.exe C:/Espressif/frameworks/esp-idf-v5.3.1/components/spiffs/spiffsgen.py 0x64000 C:/Espressif/frameworks/esp-idf-v5.3.1/esp-dev-kits/esp32-c3-lcdkit/examples/knob_panel/spiffs C:/Espressif/frameworks/esp-idf-v5.3.1/esp-dev-kits/esp32-c3-lcdkit/examples/knob_panel/build/storage.bin --page-size=256 --obj-name-len=32 --meta-len=4 --use-magic --use-magic-len"
Traceback (most recent call last):
  File "C:\Espressif\frameworks\esp-idf-v5.3.1\components\spiffs\spiffsgen.py", line 431, in create_file
    block.update_obj(contents_chunk)
  File "C:\Espressif\frameworks\esp-idf-v5.3.1\components\spiffs\spiffsgen.py", line 346, in update_obj
    raise SpiffsFullError()
SpiffsFullError

During handling of the above exception, another exception occurred:

Traceback (most recent call last):
  File "C:\Espressif\frameworks\esp-idf-v5.3.1\components\spiffs\spiffsgen.py", line 435, in create_file
    raise SpiffsFullError
SpiffsFullError

During handling of the above exception, another exception occurred:

Traceback (most recent call last):
  File "C:\Espressif\frameworks\esp-idf-v5.3.1\components\spiffs\spiffsgen.py", line 590, in <module>
    main()
  File "C:\Espressif\frameworks\esp-idf-v5.3.1\components\spiffs\spiffsgen.py", line 582, in main
    spiffs.create_file('/' + os.path.relpath(full_path, args.base_dir).replace('\\', '/'), full_path)
  File "C:\Espressif\frameworks\esp-idf-v5.3.1\components\spiffs\spiffsgen.py", line 446, in create_file
    block = self._create_block()
            ^^^^^^^^^^^^^^^^^^^^
  File "C:\Espressif\frameworks\esp-idf-v5.3.1\components\spiffs\spiffsgen.py", line 395, in _create_block
    raise SpiffsFullError('the image size has been exceeded')
SpiffsFullError: the image size has been exceeded
[2/16] Performing build step for 'bootloader'
[1/1] cmd.exe /C "cd /D C:\Espressif\frameworks\esp-idf-v5.3.1\esp-dev-kits\esp32-c3-lcdkit\examples\knob_panel\build\bootloader\esp-idf\esptool_py && C:\Espressif\python_env\idf5.3_py3.11_env\Scripts\python.exe C:/Espressif/frameworks/esp-idf-v5.3.1/components/partition_table/check_sizes.py --offset 0x8000 bootloader 0x0 C:/Espressif/frameworks/esp-idf-v5.3.1/esp-dev-kits/esp32-c3-lcdkit/examples/knob_panel/build/bootloader/bootloader.bin"
Bootloader binary size 0x55b0 bytes. 0x2a50 bytes (33%) free.
[3/14] Building C object esp-idf/main/CMakeFiles/__idf_main.dir/ui/ui_menu_new.c.obj
[4/14] Building C object esp-idf/main/CMakeFiles/__idf_main.dir/ui/ui_washing.c.obj
[5/14] Building C object esp-idf/main/CMakeFiles/__idf_main.dir/ui/ui_light_2color.c.obj
[6/14] Building C object esp-idf/main/CMakeFiles/__idf_main.dir/ui/ui_clockScreen.c.obj
[7/14] Building C object esp-idf/main/CMakeFiles/__idf_main.dir/app_main.c.obj
[8/14] Building C object esp-idf/main/CMakeFiles/__idf_main.dir/ui/ui_factory.c.obj
[9/14] Building C object esp-idf/main/CMakeFiles/__idf_main.dir/app_audio.c.obj
ninja: build stopped: subcommand failed.
